cargo :     Checking oasis-shell v0.1.0 (D:\myproject\new\oasis-shell\src-tauri)
At line:1 char:1
+ cargo check --manifest-path src-tauri\Cargo.toml > build_errors.txt 2 ...
+ ~~~~~~~~~~~~~~~~~~~~~~~~~~~~~~~~~~~~~~~~~~~~~~~~~~~~~~~~~~~~~~~~~~~~~
    + CategoryInfo          : NotSpecified: (    Checking oa...hell\src-tauri):String) [], RemoteException
    + FullyQualifiedErrorId : NativeCommandError
 
error: unexpected closing delimiter: `}`
    --> src\lib.rs:1782:1
     |
1764 | async fn get_process_priority(pid: u32) -> Result<String, String> {
     |                                                                   - this delimiter might not be properly 
closed...
...
1776 |     }
     |     - ...as it matches this but it has different indentation
...
1782 | }
     | ^ unexpected closing delimiter

error: could not compile `oasis-shell` (lib) due to 1 previous error
